---
http_interactions:
- request:
    method: post
    uri: https://api.twilio.com/2010-04-01/Accounts/ACaae98776bde4ed53d0fb1dfcc262558e/Messages.json
    body:
      encoding: UTF-8
      string: Body=test+message+-+To+no+longer+receive+text+messages%2C+text+STOP&From=15005550006&StatusCallback=http%3A%2F%2Fexample.com%2Ftwilio_statuses&To=%2B15005550009
    headers:
      User-Agent:
      - twilio-ruby/5.77.0 (darwin24 arm64) Ruby/3.3.1
      Accept-Charset:
      - utf-8
      Content-Type:
      - application/x-www-form-urlencoded
      Accept:
      - application/json
      Authorization:
      - Basic QUNhYWU5ODc3NmJkZTRlZDUzZDBmYjFkZmNjMjYyNTU4ZTo5ZDY1YTY4Y2Y3ZjliMTZjMzBjYmNjMjFmYTdiZThiYg==
      Accept-Encoding:
      - gzip;q=1.0,deflate;q=0.6,identity;q=0.3
  response:
    status:
      code: 400
      message: Bad Request
    headers:
      Content-Type:
      - application/json
      Content-Length:
      - '150'
      Connection:
      - keep-alive
      Date:
      - Thu, 13 Mar 2025 16:49:04 GMT
      X-Powered-By:
      - AT-5000
      X-Twilio-Error-Code:
      - '21614'
      Twilio-Concurrent-Requests:
      - '1'
      Twilio-Request-Id:
      - RQ05e16f0807db2da98c97867d960c55dc
      Twilio-Request-Duration:
      - '0.074'
      X-Home-Region:
      - us1
      X-Api-Domain:
      - api.twilio.com
      Strict-Transport-Security:
      - max-age=31536000
      Access-Control-Allow-Origin:
      - "*"
      Access-Control-Allow-Headers:
      - Accept, Authorization, Content-Type, If-Match, If-Modified-Since, If-None-Match,
        If-Unmodified-Since, Idempotency-Key, X-Pre-Auth-Context, X-Target-Region
      Access-Control-Allow-Methods:
      - GET, POST, PATCH, PUT, DELETE, OPTIONS
      Access-Control-Expose-Headers:
      - ETag, Twilio-Request-Id
      Access-Control-Allow-Credentials:
      - 'true'
      X-Shenanigans:
      - none
      X-Cache:
      - Error from cloudfront
      Via:
      - 1.1 6978a00e59a6211c28ad3df796069e7c.cloudfront.net (CloudFront)
      X-Amz-Cf-Pop:
      - MIA3-P3
      X-Amz-Cf-Id:
      - d7uhBZSYagkkci3jBKMwsod7ebaOnzxdZKfQCF-X_C6Fixpic6WRsg==
    body:
      encoding: UTF-8
      string: '{"code":21614,"message":"''To'' number: +1500555XXXX, is not a valid
        mobile number","more_info":"https://www.twilio.com/docs/errors/21614","status":400}'
  recorded_at: Thu, 13 Mar 2025 16:49:04 GMT
- request:
    method: post
    uri: https://api.twilio.com/2010-04-01/Accounts/ACaae98776bde4ed53d0fb1dfcc262558e/Messages.json
    body:
      encoding: UTF-8
      string: Body=test+message+-+To+no+longer+receive+text+messages%2C+text+STOP&From=15005550006&StatusCallback=http%3A%2F%2Fexample.com%2Ftwilio_statuses&To=%2B15005550009
    headers:
      User-Agent:
      - twilio-ruby/5.77.0 (darwin24 arm64) Ruby/3.3.1
      Accept-Charset:
      - utf-8
      Content-Type:
      - application/x-www-form-urlencoded
      Accept:
      - application/json
      Authorization:
      - Basic QUNhYWU5ODc3NmJkZTRlZDUzZDBmYjFkZmNjMjYyNTU4ZTo5ZDY1YTY4Y2Y3ZjliMTZjMzBjYmNjMjFmYTdiZThiYg==
      Accept-Encoding:
      - gzip;q=1.0,deflate;q=0.6,identity;q=0.3
  response:
    status:
      code: 400
      message: Bad Request
    headers:
      Content-Type:
      - application/json
      Content-Length:
      - '150'
      Connection:
      - keep-alive
      Date:
      - Thu, 13 Mar 2025 16:49:04 GMT
      X-Powered-By:
      - AT-5000
      X-Twilio-Error-Code:
      - '21614'
      Twilio-Concurrent-Requests:
      - '1'
      Twilio-Request-Id:
      - RQ2a6a8c53c1fc8560e2f413b67a9f26b9
      Twilio-Request-Duration:
      - '0.058'
      X-Home-Region:
      - us1
      X-Api-Domain:
      - api.twilio.com
      Strict-Transport-Security:
      - max-age=31536000
      Access-Control-Allow-Origin:
      - "*"
      Access-Control-Allow-Headers:
      - Accept, Authorization, Content-Type, If-Match, If-Modified-Since, If-None-Match,
        If-Unmodified-Since, Idempotency-Key, X-Pre-Auth-Context, X-Target-Region
      Access-Control-Allow-Methods:
      - GET, POST, PATCH, PUT, DELETE, OPTIONS
      Access-Control-Expose-Headers:
      - ETag, Twilio-Request-Id
      Access-Control-Allow-Credentials:
      - 'true'
      X-Shenanigans:
      - none
      X-Cache:
      - Error from cloudfront
      Via:
      - 1.1 e8554abd776d765bd2aa06385b8c6852.cloudfront.net (CloudFront)
      X-Amz-Cf-Pop:
      - MIA3-P3
      X-Amz-Cf-Id:
      - 19Ox3xW0vs2LVBjSawu_gwz7sFic4_e4VjzvG4b2IFfoKzzv-8Ku4Q==
    body:
      encoding: UTF-8
      string: '{"code":21614,"message":"''To'' number: +1500555XXXX, is not a valid
        mobile number","more_info":"https://www.twilio.com/docs/errors/21614","status":400}'
  recorded_at: Thu, 13 Mar 2025 16:49:04 GMT
- request:
    method: post
    uri: https://api.twilio.com/2010-04-01/Accounts/ACaae98776bde4ed53d0fb1dfcc262558e/Messages.json
    body:
      encoding: UTF-8
      string: Body=test+message+-+To+no+longer+receive+text+messages%2C+text+STOP&From=15005550006&StatusCallback=http%3A%2F%2Fexample.com%2Ftwilio_statuses&To=%2B15005550009
    headers:
      User-Agent:
      - twilio-ruby/5.77.0 (darwin24 arm64) Ruby/3.3.1
      Accept-Charset:
      - utf-8
      Content-Type:
      - application/x-www-form-urlencoded
      Accept:
      - application/json
      Authorization:
      - Basic QUNhYWU5ODc3NmJkZTRlZDUzZDBmYjFkZmNjMjYyNTU4ZTo5ZDY1YTY4Y2Y3ZjliMTZjMzBjYmNjMjFmYTdiZThiYg==
      Accept-Encoding:
      - gzip;q=1.0,deflate;q=0.6,identity;q=0.3
  response:
    status:
      code: 400
      message: Bad Request
    headers:
      Content-Type:
      - application/json
      Content-Length:
      - '150'
      Connection:
      - keep-alive
      Date:
      - Thu, 13 Mar 2025 16:49:04 GMT
      X-Powered-By:
      - AT-5000
      X-Twilio-Error-Code:
      - '21614'
      Twilio-Concurrent-Requests:
      - '1'
      Twilio-Request-Id:
      - RQe539906241a865ea08267241bd102707
      Twilio-Request-Duration:
      - '0.032'
      X-Home-Region:
      - us1
      X-Api-Domain:
      - api.twilio.com
      Strict-Transport-Security:
      - max-age=31536000
      Access-Control-Allow-Origin:
      - "*"
      Access-Control-Allow-Headers:
      - Accept, Authorization, Content-Type, If-Match, If-Modified-Since, If-None-Match,
        If-Unmodified-Since, Idempotency-Key, X-Pre-Auth-Context, X-Target-Region
      Access-Control-Allow-Methods:
      - GET, POST, PATCH, PUT, DELETE, OPTIONS
      Access-Control-Expose-Headers:
      - ETag, Twilio-Request-Id
      Access-Control-Allow-Credentials:
      - 'true'
      X-Shenanigans:
      - none
      X-Cache:
      - Error from cloudfront
      Via:
      - 1.1 6978a00e59a6211c28ad3df796069e7c.cloudfront.net (CloudFront)
      X-Amz-Cf-Pop:
      - MIA3-P3
      X-Amz-Cf-Id:
      - skecSjB_Me1zgOVY9fI0YZMrwzHgC1QK_CeU56VIz1t1wwwYeAsFEg==
    body:
      encoding: UTF-8
      string: '{"code":21614,"message":"''To'' number: +1500555XXXX, is not a valid
        mobile number","more_info":"https://www.twilio.com/docs/errors/21614","status":400}'
  recorded_at: Thu, 13 Mar 2025 16:49:04 GMT
- request:
    method: post
    uri: https://api.twilio.com/2010-04-01/Accounts/ACaae98776bde4ed53d0fb1dfcc262558e/Messages.json
    body:
      encoding: UTF-8
      string: Body=test+message+-+To+no+longer+receive+text+messages%2C+text+STOP&From=15005550006&StatusCallback=http%3A%2F%2Fexample.com%2Ftwilio_statuses&To=%2B15005550009
    headers:
      User-Agent:
      - twilio-ruby/5.77.0 (darwin24 arm64) Ruby/3.3.1
      Accept-Charset:
      - utf-8
      Content-Type:
      - application/x-www-form-urlencoded
      Accept:
      - application/json
      Authorization:
      - Basic QUNhYWU5ODc3NmJkZTRlZDUzZDBmYjFkZmNjMjYyNTU4ZTo5ZDY1YTY4Y2Y3ZjliMTZjMzBjYmNjMjFmYTdiZThiYg==
      Accept-Encoding:
      - gzip;q=1.0,deflate;q=0.6,identity;q=0.3
  response:
    status:
      code: 400
      message: Bad Request
    headers:
      Content-Type:
      - application/json
      Content-Length:
      - '150'
      Connection:
      - keep-alive
      Date:
      - Thu, 13 Mar 2025 16:49:05 GMT
      X-Powered-By:
      - AT-5000
      X-Twilio-Error-Code:
      - '21614'
      Twilio-Concurrent-Requests:
      - '1'
      Twilio-Request-Id:
      - RQ1043ac144c5296ac75091855d886bbd8
      Twilio-Request-Duration:
      - '0.059'
      X-Home-Region:
      - us1
      X-Api-Domain:
      - api.twilio.com
      Strict-Transport-Security:
      - max-age=31536000
      Access-Control-Allow-Origin:
      - "*"
      Access-Control-Allow-Headers:
      - Accept, Authorization, Content-Type, If-Match, If-Modified-Since, If-None-Match,
        If-Unmodified-Since, Idempotency-Key, X-Pre-Auth-Context, X-Target-Region
      Access-Control-Allow-Methods:
      - GET, POST, PATCH, PUT, DELETE, OPTIONS
      Access-Control-Expose-Headers:
      - ETag, Twilio-Request-Id
      Access-Control-Allow-Credentials:
      - 'true'
      X-Shenanigans:
      - none
      X-Cache:
      - Error from cloudfront
      Via:
      - 1.1 9700dbefcaf4a5da8ff0c118308f25e6.cloudfront.net (CloudFront)
      X-Amz-Cf-Pop:
      - MIA3-P3
      X-Amz-Cf-Id:
      - f3SWWhZwvevlWJ6f5ZDRbiG6hrira_w0EAv_wm87ad1pkuirE0ZibA==
    body:
      encoding: UTF-8
      string: '{"code":21614,"message":"''To'' number: +1500555XXXX, is not a valid
        mobile number","more_info":"https://www.twilio.com/docs/errors/21614","status":400}'
  recorded_at: Thu, 13 Mar 2025 16:49:05 GMT
- request:
    method: post
    uri: https://api.twilio.com/2010-04-01/Accounts/ACaae98776bde4ed53d0fb1dfcc262558e/Messages.json
    body:
      encoding: UTF-8
      string: Body=test+message+-+To+no+longer+receive+text+messages%2C+text+STOP&From=15005550006&StatusCallback=http%3A%2F%2Fexample.com%2Ftwilio_statuses&To=%2B15005550009
    headers:
      User-Agent:
      - twilio-ruby/5.77.0 (darwin24 arm64) Ruby/3.3.1
      Accept-Charset:
      - utf-8
      Content-Type:
      - application/x-www-form-urlencoded
      Accept:
      - application/json
      Authorization:
      - Basic QUNhYWU5ODc3NmJkZTRlZDUzZDBmYjFkZmNjMjYyNTU4ZTo5ZDY1YTY4Y2Y3ZjliMTZjMzBjYmNjMjFmYTdiZThiYg==
      Accept-Encoding:
      - gzip;q=1.0,deflate;q=0.6,identity;q=0.3
  response:
    status:
      code: 400
      message: Bad Request
    headers:
      Content-Type:
      - application/json
      Content-Length:
      - '150'
      Connection:
      - keep-alive
      Date:
      - Thu, 13 Mar 2025 16:49:05 GMT
      X-Powered-By:
      - AT-5000
      X-Twilio-Error-Code:
      - '21614'
      Twilio-Concurrent-Requests:
      - '1'
      Twilio-Request-Id:
      - RQ5937f5d37abf1b7a75e79c43bc64ff15
      Twilio-Request-Duration:
      - '0.048'
      X-Home-Region:
      - us1
      X-Api-Domain:
      - api.twilio.com
      Strict-Transport-Security:
      - max-age=31536000
      Access-Control-Allow-Origin:
      - "*"
      Access-Control-Allow-Headers:
      - Accept, Authorization, Content-Type, If-Match, If-Modified-Since, If-None-Match,
        If-Unmodified-Since, Idempotency-Key, X-Pre-Auth-Context, X-Target-Region
      Access-Control-Allow-Methods:
      - GET, POST, PATCH, PUT, DELETE, OPTIONS
      Access-Control-Expose-Headers:
      - ETag, Twilio-Request-Id
      Access-Control-Allow-Credentials:
      - 'true'
      X-Shenanigans:
      - none
      X-Cache:
      - Error from cloudfront
      Via:
      - 1.1 9c6221bb7cc59d9d3a90c8b6a7dba172.cloudfront.net (CloudFront)
      X-Amz-Cf-Pop:
      - MIA3-P3
      X-Amz-Cf-Id:
      - sRwZzLttxpN-keYk9qWyjZ8T7z9cgUHagIPcfwVI77YtK-ykNVBKIA==
    body:
      encoding: UTF-8
      string: '{"code":21614,"message":"''To'' number: +1500555XXXX, is not a valid
        mobile number","more_info":"https://www.twilio.com/docs/errors/21614","status":400}'
  recorded_at: Thu, 13 Mar 2025 16:49:05 GMT
recorded_with: VCR 6.3.1
